nohup: ignoring input
{
  "task": "finsight_sp500_daily_backfill",
  "target_table": "price_data",
  "granularity": "1day",
  "start_date": "2023-01-03",
  "end_date": "2026-06-10",
  "ticker_count": 496,
  "offset": 0,
  "limit": 0,
  "skip_covered": true,
  "incremental_by_ticker": true,
  "exclude_core7": true,
  "exclude_tickers": "",
  "resume": true,
  "already_completed_in_log": 4,
  "sleep_seconds": 8.0,
  "repair_derived": true,
  "build_indicators": false
}
[1/496] MMM resumed-skip
[2/496] AOS resumed-skip
[3/496] ABT resumed-skip
[4/496] ABBV fetching daily 2023-01-03 -> 2026-06-10
[WARN] ABBV attempt 1/3 failed: 400 Client Error: Bad Request for url: https://api.twelvedata.com/time_series?symbol=ABBV&interval=1day&apikey=dacec7c70d324d0e92b22159cc2cf3bf&format=JSON&timezone=America%2FNew_York&order=ASC&outputsize=5000&start_date=2026-06-10&end_date=2026-06-10; retry in 20.0s
[WARN] ABBV attempt 2/3 failed: 400 Client Error: Bad Request for url: https://api.twelvedata.com/time_series?symbol=ABBV&interval=1day&apikey=dacec7c70d324d0e92b22159cc2cf3bf&format=JSON&timezone=America%2FNew_York&order=ASC&outputsize=5000&start_date=2026-06-10&end_date=2026-06-10; retry in 40.0s
{"ticker": "ABBV", "status": "failed", "start_date": "2026-06-10", "end_date": "2026-06-10", "db_min_before": "2023-01-03", "db_max_before": "2026-06-09", "db_rows_before": 861, "db_min_after": "2023-01-03", "db_max_after": "2026-06-09", "db_rows_after": 861, "source_symbol": null, "fetched_count": 0, "inserted_count": 0, "updated_count": 0, "repair_result": null, "indicator_result": null, "error": "400 Client Error: Bad Request for url: https://api.twelvedata.com/time_series?symbol=ABBV&interval=1day&apikey=dacec7c70d324d0e92b22159cc2cf3bf&format=JSON&timezone=America%2FNew_York&order=ASC&outputsize=5000&start_date=2026-06-10&end_date=2026-06-10", "elapsed_sec": 61.23}
[5/496] ACN resumed-skip
[6/496] ADBE fetching daily 2023-01-03 -> 2026-06-10
{"ticker": "ADBE", "status": "updated", "start_date": "2025-05-21", "end_date": "2026-06-10", "db_min_before": "2023-01-03", "db_max_before": "2025-05-20", "db_rows_before": 597, "db_min_after": "2023-01-03", "db_max_after": "2026-06-09", "db_rows_after": 861, "source_symbol": "ADBE", "fetched_count": 264, "inserted_count": 264, "updated_count": 0, "repair_result": {"ticker": "ADBE", "status": "updated", "rows": 861, "updated": 861, "first_rows_without_previous_close": 1}, "indicator_result": null, "error": null, "elapsed_sec": 1.931}
[7/496] AMD fetching daily 2023-01-03 -> 2026-06-10
{"ticker": "AMD", "status": "updated", "start_date": "2026-05-30", "end_date": "2026-06-10", "db_min_before": "2023-01-03", "db_max_before": "2026-05-29", "db_rows_before": 854, "db_min_after": "2023-01-03", "db_max_after": "2026-06-09", "db_rows_after": 861, "source_symbol": "AMD", "fetched_count": 7, "inserted_count": 7, "updated_count": 0, "repair_result": {"ticker": "AMD", "status": "updated", "rows": 861, "updated": 861, "first_rows_without_previous_close": 1}, "indicator_result": null, "error": null, "elapsed_sec": 1.121}
[8/496] AES fetching daily 2023-01-03 -> 2026-06-10
{"ticker": "AES", "status": "updated", "start_date": "2023-01-03", "end_date": "2026-06-10", "db_min_before": null, "db_max_before": null, "db_rows_before": 0, "db_min_after": "2023-01-03", "db_max_after": "2026-06-09", "db_rows_after": 861, "source_symbol": "AES", "fetched_count": 861, "inserted_count": 861, "updated_count": 0, "repair_result": {"ticker": "AES", "status": "updated", "rows": 861, "updated": 861, "first_rows_without_previous_close": 1}, "indicator_result": null, "error": null, "elapsed_sec": 3.756}
[9/496] AFL fetching daily 2023-01-03 -> 2026-06-10
{"ticker": "AFL", "status": "updated", "start_date": "2023-01-03", "end_date": "2026-06-10", "db_min_before": null, "db_max_before": null, "db_rows_before": 0, "db_min_after": "2023-01-03", "db_max_after": "2026-06-09", "db_rows_after": 861, "source_symbol": "AFL", "fetched_count": 861, "inserted_count": 861, "updated_count": 0, "repair_result": {"ticker": "AFL", "status": "updated", "rows": 861, "updated": 861, "first_rows_without_previous_close": 1}, "indicator_result": null, "error": null, "elapsed_sec": 3.723}
[10/496] A fetching daily 2023-01-03 -> 2026-06-10
{"ticker": "A", "status": "updated", "start_date": "2023-01-03", "end_date": "2026-06-10", "db_min_before": null, "db_max_before": null, "db_rows_before": 0, "db_min_after": "2023-01-03", "db_max_after": "2026-06-09", "db_rows_after": 861, "source_symbol": "A", "fetched_count": 861, "inserted_count": 861, "updated_count": 0, "repair_result": {"ticker": "A", "status": "updated", "rows": 861, "updated": 861, "first_rows_without_previous_close": 1}, "indicator_result": null, "error": null, "elapsed_sec": 3.592}
